[INFO] [launch]: All log files can be found below /home/rasya/.ros/log/2026-08-24-09-33-57-322915-rasya-Latitude-3450-39635
[INFO] [launch]: Default logging verbosity is set to INFO
[sim.launch] ROV spawn (random=True) di (1.216, -2.05, -0.5) yaw=1.7532 rad
[sim.launch] world file "kki_arena.sdf" -> world name "kki_arena"
[INFO] [ign gazebo-1]: process started with pid [39662]
[INFO] [parameter_bridge-2]: process started with pid [39664]
[INFO] [robot_state_publisher-3]: process started with pid [39667]
[INFO] [odom_injector-4]: process started with pid [39669]
[INFO] [camera_dropout_injector-5]: process started with pid [39671]
[INFO] [depth_publisher-6]: process started with pid [39673]
[INFO] [qr_detector-7]: process started with pid [39675]
[INFO] [gripper_controller-8]: process started with pid [39677]
[INFO] [hook_detector-9]: process started with pid [39679]
[INFO] [payload_spawner-10]: process started with pid [39681]
[INFO] [thruster_allocator-11]: process started with pid [39683]
[INFO] [stabilizer-12]: process started with pid [39685]
[INFO] [mission_fsm-13]: process started with pid [39690]
[robot_state_publisher-3] [WARN] [1787538837.892913277] [kdl_parser]: The root link base_link has an inertia specified in the URDF, but KDL does not support a root link with an inertia.  As a workaround, you can add an extra dummy link to your URDF.
[robot_state_publisher-3] [INFO] [1787538837.893100943] [robot_state_publisher]: got segment base_link
[robot_state_publisher-3] [INFO] [1787538837.893206010] [robot_state_publisher]: got segment camera_bottom_link
[robot_state_publisher-3] [INFO] [1787538837.893223131] [robot_state_publisher]: got segment camera_front_link
[robot_state_publisher-3] [INFO] [1787538837.893235552] [robot_state_publisher]: got segment depth_link
[robot_state_publisher-3] [INFO] [1787538837.893247328] [robot_state_publisher]: got segment gripper_base
[robot_state_publisher-3] [INFO] [1787538837.893258624] [robot_state_publisher]: got segment gripper_finger_left
[robot_state_publisher-3] [INFO] [1787538837.893269612] [robot_state_publisher]: got segment gripper_finger_right
[robot_state_publisher-3] [INFO] [1787538837.893281010] [robot_state_publisher]: got segment imu_link
[robot_state_publisher-3] [INFO] [1787538837.893291978] [robot_state_publisher]: got segment thruster_1
[robot_state_publisher-3] [INFO] [1787538837.893302984] [robot_state_publisher]: got segment thruster_2
[robot_state_publisher-3] [INFO] [1787538837.893313934] [robot_state_publisher]: got segment thruster_3
[robot_state_publisher-3] [INFO] [1787538837.893324739] [robot_state_publisher]: got segment thruster_4
[robot_state_publisher-3] [INFO] [1787538837.893335416] [robot_state_publisher]: got segment thruster_5
[robot_state_publisher-3] [INFO] [1787538837.893346388] [robot_state_publisher]: got segment thruster_6
[thruster_allocator-11] [INFO] [1787538838.884711491] [thruster_allocator]: Thruster allocator siap. TAM rank = 6 / 6, cond = 20, damping = 0.1.
[parameter_bridge-2] [INFO] [1787538838.926119774] [ros_gz_bridge]: Creating GZ->ROS Bridge: [/clock (gz.msgs.Clock) -> /clock (rosgraph_msgs/msg/Clock)] (Lazy 0)
[parameter_bridge-2] [INFO] [1787538838.939767976] [ros_gz_bridge]: Creating GZ->ROS Bridge: [/model/hydroships/odometry (gz.msgs.Odometry) -> /hydroships/odom_raw (nav_msgs/msg/Odometry)] (Lazy 0)
[parameter_bridge-2] [INFO] [1787538838.956722363] [ros_gz_bridge]: Creating GZ->ROS Bridge: [/world/kki_arena/pose/info (gz.msgs.Pose_V) -> /hydroships/world_pose_tf (tf2_msgs/msg/TFMessage)] (Lazy 0)
[parameter_bridge-2] [INFO] [1787538838.970893964] [ros_gz_bridge]: Creating GZ->ROS Bridge: [/hydroships/imu (gz.msgs.IMU) -> /hydroships/imu (sensor_msgs/msg/Imu)] (Lazy 0)
[parameter_bridge-2] [INFO] [1787538838.977599492] [ros_gz_bridge]: Creating GZ->ROS Bridge: [/hydroships/camera_front/image (gz.msgs.Image) -> /hydroships/camera_front/image_raw_gt (sensor_msgs/msg/Image)] (Lazy 0)
[parameter_bridge-2] [INFO] [1787538838.985758501] [ros_gz_bridge]: Creating GZ->ROS Bridge: [/hydroships/camera_bottom/image (gz.msgs.Image) -> /hydroships/camera_bottom/image_raw_gt (sensor_msgs/msg/Image)] (Lazy 0)
[qr_detector-7] [INFO] [1787538838.988632962] [qr_detector]: qr_detector siap (subscribe /hydroships/camera_bottom/image_raw, /hydroships/camera_front/image_raw)
[parameter_bridge-2] [INFO] [1787538838.994626239] [ros_gz_bridge]: Creating GZ->ROS Bridge: [/hydroships/camera_front/camera_info (gz.msgs.CameraInfo) -> /hydroships/camera_front/camera_info (sensor_msgs/msg/CameraInfo)] (Lazy 0)
[camera_dropout_injector-5] [INFO] [1787538838.995640656] [camera_dropout_injector]: camera_dropout_injector siap (dropout=False drop_prob=0.050)
[hook_detector-9] [INFO] [1787538838.997268031] [hook_detector]: hook_detector siap (subscribe /hydroships/camera_front/image_raw)
[parameter_bridge-2] [INFO] [1787538839.004520455] [ros_gz_bridge]: Creating GZ->ROS Bridge: [/hydroships/camera_bottom/camera_info (gz.msgs.CameraInfo) -> /hydroships/camera_bottom/camera_info (sensor_msgs/msg/CameraInfo)] (Lazy 0)
[mission_fsm-13] [INFO] [1787538839.007407676] [mission_fsm]: Urutan wall: ['C', 'A', 'B', 'D']
[mission_fsm-13] [INFO] [1787538839.008229873] [mission_fsm]: mission_fsm siap — mulai dalam 3s (start=DIVE)
[parameter_bridge-2] [INFO] [1787538839.008113551] [ros_gz_bridge]: Creating ROS->GZ Bridge: [/hydroships/thruster_1/thrust (std_msgs/msg/Float64) -> /hydroships/thruster_1/thrust (gz.msgs.Double)] (Lazy 0)
[parameter_bridge-2] [INFO] [1787538839.012808354] [ros_gz_bridge]: Creating ROS->GZ Bridge: [/hydroships/thruster_2/thrust (std_msgs/msg/Float64) -> /hydroships/thruster_2/thrust (gz.msgs.Double)] (Lazy 0)
[parameter_bridge-2] [INFO] [1787538839.014816322] [ros_gz_bridge]: Creating ROS->GZ Bridge: [/hydroships/thruster_3/thrust (std_msgs/msg/Float64) -> /hydroships/thruster_3/thrust (gz.msgs.Double)] (Lazy 0)
[parameter_bridge-2] [INFO] [1787538839.017314462] [ros_gz_bridge]: Creating ROS->GZ Bridge: [/hydroships/thruster_4/thrust (std_msgs/msg/Float64) -> /hydroships/thruster_4/thrust (gz.msgs.Double)] (Lazy 0)
[parameter_bridge-2] [INFO] [1787538839.020126955] [ros_gz_bridge]: Creating ROS->GZ Bridge: [/hydroships/thruster_5/thrust (std_msgs/msg/Float64) -> /hydroships/thruster_5/thrust (gz.msgs.Double)] (Lazy 0)
[parameter_bridge-2] [INFO] [1787538839.021887572] [ros_gz_bridge]: Creating ROS->GZ Bridge: [/hydroships/thruster_6/thrust (std_msgs/msg/Float64) -> /hydroships/thruster_6/thrust (gz.msgs.Double)] (Lazy 0)
[odom_injector-4] [INFO] [1787538839.024666269] [odom_injector]: odom_injector siap (noise=False pos_std=0.030m vel_std=0.020m/s heading_std=1.00deg/√s)
[parameter_bridge-2] [INFO] [1787538839.025038393] [ros_gz_bridge]: Creating ROS->GZ Bridge: [/hydroships/gripper_left/cmd (std_msgs/msg/Float64) -> /hydroships/gripper_left/cmd (gz.msgs.Double)] (Lazy 0)
[parameter_bridge-2] [INFO] [1787538839.027869570] [ros_gz_bridge]: Creating ROS->GZ Bridge: [/hydroships/gripper_right/cmd (std_msgs/msg/Float64) -> /hydroships/gripper_right/cmd (gz.msgs.Double)] (Lazy 0)
[parameter_bridge-2] [INFO] [1787538839.029075119] [ros_gz_bridge]: Creating ROS->GZ Bridge: [/hydroships/gripper/attach (std_msgs/msg/Empty) -> /hydroships/gripper/attach (gz.msgs.Empty)] (Lazy 0)
[parameter_bridge-2] [INFO] [1787538839.030310593] [ros_gz_bridge]: Creating ROS->GZ Bridge: [/hydroships/gripper/detach (std_msgs/msg/Empty) -> /hydroships/gripper/detach (gz.msgs.Empty)] (Lazy 0)
[payload_spawner-10] [INFO] [1787538839.030326140] [payload_spawner]: payload_spawner siap (spawn dalam 3.5s)
[stabilizer-12] [INFO] [1787538839.047473854] [stabilizer]: Stabilizer aktif. depth_hold=True heading_hold=True pitch_hold=True roll_hold=True target_depth=-0.1 m.
[gripper_controller-8] [INFO] [1787538839.060736738] [gripper_controller]: gripper_controller siap (DetachableJoint; detach saat payload spawn)
[parameter_bridge-2] [INFO] [1787538840.315885313] [ros_gz_bridge]: Passing message from ROS std_msgs/msg/Float64 to Gazebo gz.msgs.Double (showing msg only once per type)
[INFO] [create-14]: process started with pid [40011]
[create-14] [INFO] [1787538841.134407475] [ros_gz_sim]: Requested creation of entity.
[create-14] [INFO] [1787538841.134628404] [ros_gz_sim]: OK creation of entity.
[INFO] [create-14]: process has finished cleanly [pid 40011]
[qr_detector-7] [INFO] [1787538841.619871070] [qr_detector]: camera_info camera_bottom_link: fx=381.4 fy=381.4 cx=320.0 cy=240.0 (640x480) [intrinsics SIM, bukan kalibrasi hardware]
[qr_detector-7] [INFO] [1787538841.753411646] [qr_detector]: camera_info camera_front_link: fx=381.4 fy=381.4 cx=320.0 cy=240.0 (640x480) [intrinsics SIM, bukan kalibrasi hardware]
[qr_detector-7] [INFO] [1787538841.792046320] [qr_detector]: FRAME PERTAMA dari /hydroships/camera_bottom/image_raw (640x480 enc=rgb8 step=1920)
[hook_detector-9] [INFO] [1787538841.988700280] [hook_detector]: FRAME PERTAMA dari /hydroships/camera_front/image_raw (640x480 enc=rgb8 step=1920)
[hook_detector-9] [INFO] [1787538842.094131731] [hook_detector]: hook terdeteksi: center=(320,310) area=106672
[qr_detector-7] [WARN] [1787538842.309143494] [qr_detector]: DECODE GAGAL: QR tak terdeteksi (pts=None) shape=(480, 640, 3) [/hydroships/camera_bottom/image_raw]
[qr_detector-7] [INFO] [1787538842.314095168] [qr_detector]: FRAME PERTAMA dari /hydroships/camera_front/image_raw (640x480 enc=rgb8 step=1920)
[qr_detector-7] [WARN] [1787538847.558182926] [qr_detector]: DECODE GAGAL: QR tak terdeteksi (pts=None) shape=(480, 640, 3) [/hydroships/camera_front/image_raw]
[hook_detector-9] [WARN] [1787538849.270135791] [hook_detector]: HOOK TAK TERDETEKSI (kontur & Hough gagal / area < min_area=150) shape=(480, 640, 3)
[mission_fsm-13] [INFO] [1787538852.828719468] [mission_fsm]: ===== MISI KKI 2026 DIMULAI =====
[mission_fsm-13] [INFO] [1787538852.835475212] [mission_fsm]: [FSM] IDLE -> DIVE
[qr_detector-7] [WARN] [1787538853.818047677] [qr_detector]: DECODE GAGAL: QR tak terdeteksi (pts=None) shape=(480, 640, 3) [/hydroships/camera_bottom/image_raw]
[hook_detector-9] [INFO] [1787538854.637939650] [hook_detector]: hook terdeteksi: center=(29,468) area=755
[payload_spawner-10] [INFO] [1787538856.151244870] [payload_spawner]: Spawn payload QR=A pos=(0.40, 0.04, -0.90)
[parameter_bridge-2] [INFO] [1787538857.725955821] [ros_gz_bridge]: Passing message from ROS std_msgs/msg/Empty to Gazebo gz.msgs.Empty (showing msg only once per type)
[gripper_controller-8] [INFO] [1787538857.729743866] [gripper_controller]: gripper open: auto-detach startup (lepas attach bawaan gz Fortress) [pemicu: payload spawn terdeteksi]
[payload_spawner-10] [INFO] [1787538857.742641357] [payload_spawner]: Payload QR=A spawned OK
[payload_spawner-10] [INFO] [1787538857.743450014] [payload_spawner]: Sinyal /hydroships/payload/spawned diterbitkan
[gripper_controller-8] [INFO] [1787538857.745140867] [gripper_controller]: gripper open: auto-detach startup (lepas attach bawaan gz Fortress) [pemicu: payload spawn terdeteksi]
[qr_detector-7] [WARN] [1787538859.453466179] [qr_detector]: DECODE GAGAL: QR tak terdeteksi (pts=None) shape=(480, 640, 3) [/hydroships/camera_bottom/image_raw]
[qr_detector-7] [WARN] [1787538865.045887311] [qr_detector]: DECODE GAGAL: QR tak terdeteksi (pts=None) shape=(480, 640, 3) [/hydroships/camera_bottom/image_raw]
[qr_detector-7] [WARN] [1787538870.656833422] [qr_detector]: DECODE GAGAL: QR tak terdeteksi (pts=None) shape=(480, 640, 3) [/hydroships/camera_bottom/image_raw]
[qr_detector-7] [WARN] [1787538876.686039852] [qr_detector]: DECODE GAGAL: QR tak terdeteksi (pts=None) shape=(480, 640, 3) [/hydroships/camera_front/image_raw]
[qr_detector-7] [WARN] [1787538882.313629209] [qr_detector]: DECODE GAGAL: QR tak terdeteksi (pts=None) shape=(480, 640, 3) [/hydroships/camera_bottom/image_raw]
[qr_detector-7] [WARN] [1787538888.613653164] [qr_detector]: DECODE GAGAL: QR tak terdeteksi (pts=None) shape=(480, 640, 3) [/hydroships/camera_bottom/image_raw]
[qr_detector-7] [WARN] [1787538893.689415583] [qr_detector]: DECODE GAGAL: QR tak terdeteksi (pts=None) shape=(480, 640, 3) [/hydroships/camera_bottom/image_raw]
[qr_detector-7] [WARN] [1787538899.540206177] [qr_detector]: DECODE GAGAL: QR tak terdeteksi (pts=None) shape=(480, 640, 3) [/hydroships/camera_front/image_raw]
[qr_detector-7] [WARN] [1787538904.800458168] [qr_detector]: DECODE GAGAL: QR tak terdeteksi (pts=None) shape=(480, 640, 3) [/hydroships/camera_bottom/image_raw]
[qr_detector-7] [WARN] [1787538910.382348689] [qr_detector]: DECODE GAGAL: QR tak terdeteksi (pts=None) shape=(480, 640, 3) [/hydroships/camera_bottom/image_raw]
[qr_detector-7] [WARN] [1787538915.719676484] [qr_detector]: DECODE GAGAL: QR tak terdeteksi (pts=None) shape=(480, 640, 3) [/hydroships/camera_front/image_raw]
[qr_detector-7] [WARN] [1787538920.976710605] [qr_detector]: DECODE GAGAL: QR tak terdeteksi (pts=None) shape=(480, 640, 3) [/hydroships/camera_bottom/image_raw]
[hook_detector-9] [WARN] [1787538921.142011113] [hook_detector]: HOOK TAK TERDETEKSI (kontur & Hough gagal / area < min_area=150) shape=(480, 640, 3)
[hook_detector-9] [INFO] [1787538921.866828097] [hook_detector]: hook terdeteksi: center=(262,72) area=2716
[mission_fsm-13] [INFO] [1787538922.667382422] [mission_fsm]: Kedalaman scan tercapai (0.24m), payload_pose siap
[mission_fsm-13] [INFO] [1787538922.671341279] [mission_fsm]: [FSM] DIVE -> APPROACH_QR
[mission_fsm-13] [INFO] [1787538922.985384995] [mission_fsm]: APPROACH_QR dbg: dist=2.642 x=0.49 y=-1.80 yaw=-41.0 target=(0.13,0.82) ex=-0.02 ey=-0.47 ey_target=-0.61 h_cam=0.42 servo=0 qr=-
[mission_fsm-13] [INFO] [1787538923.399904336] [mission_fsm]: APPROACH_QR dbg: dist=2.656 x=0.48 y=-1.81 yaw=-39.1 target=(0.13,0.82) ex=-0.02 ey=-0.47 ey_target=-0.61 h_cam=0.42 servo=0 qr=-
[mission_fsm-13] [INFO] [1787538923.788995591] [mission_fsm]: APPROACH_QR dbg: dist=2.649 x=0.47 y=-1.81 yaw=-41.6 target=(0.13,0.82) ex=-0.02 ey=-0.47 ey_target=-0.61 h_cam=0.42 servo=0 qr=-
[mission_fsm-13] [INFO] [1787538924.148849245] [mission_fsm]: APPROACH_QR dbg: dist=2.620 x=0.46 y=-1.78 yaw=-41.9 target=(0.13,0.82) ex=-0.02 ey=-0.47 ey_target=-0.61 h_cam=0.42 servo=0 qr=-
[qr_detector-7] [WARN] [1787538926.536712941] [qr_detector]: DECODE GAGAL: QR tak terdeteksi (pts=None) shape=(480, 640, 3) [/hydroships/camera_bottom/image_raw]
[ERROR] [ign gazebo-1]: process has died [pid 39662, exit code -9, cmd 'ruby /usr/bin/ign gazebo -r /home/rasya/ros2_ws/install/hydroships_gazebo/share/hydroships_gazebo/worlds/kki_arena.sdf --force-version 6'].
[ERROR] [hook_detector-9]: process has died [pid 39679, exit code -9, cmd '/home/rasya/ros2_ws/install/hydroships_control/lib/hydroships_control/hook_detector --ros-args --params-file /tmp/launch_params_55vxg__x'].
[ERROR] [depth_publisher-6]: process has died [pid 39673, exit code -9, cmd '/home/rasya/ros2_ws/install/hydroships_control/lib/hydroships_control/depth_publisher --ros-args --params-file /tmp/launch_params_euwt0f9p'].
[ERROR] [thruster_allocator-11]: process has died [pid 39683, exit code -9, cmd '/home/rasya/ros2_ws/install/hydroships_control/lib/hydroships_control/thruster_allocator --ros-args --params-file /tmp/launch_params_k2i43_q0'].
[ERROR] [stabilizer-12]: process has died [pid 39685, exit code -9, cmd '/home/rasya/ros2_ws/install/hydroships_control/lib/hydroships_control/stabilizer --ros-args --params-file /home/rasya/ros2_ws/install/hydroships_control/share/hydroships_control/config/gains.yaml --params-file /tmp/launch_params_xsxy1zeb'].
[ERROR] [camera_dropout_injector-5]: process has died [pid 39671, exit code -9, cmd '/home/rasya/ros2_ws/install/hydroships_control/lib/hydroships_control/camera_dropout_injector --ros-args --params-file /tmp/launch_params_v0i4jo4u'].
[ERROR] [odom_injector-4]: process has died [pid 39669, exit code -9, cmd '/home/rasya/ros2_ws/install/hydroships_control/lib/hydroships_control/odom_injector --ros-args --params-file /tmp/launch_params_guobw4_s'].
[ERROR] [qr_detector-7]: process has died [pid 39675, exit code -9, cmd '/home/rasya/ros2_ws/install/hydroships_control/lib/hydroships_control/qr_detector --ros-args --params-file /tmp/launch_params_u4inlygk'].
[ERROR] [gripper_controller-8]: process has died [pid 39677, exit code -9, cmd '/home/rasya/ros2_ws/install/hydroships_control/lib/hydroships_control/gripper_controller --ros-args --params-file /tmp/launch_params_6_ndp0of'].
[ERROR] [mission_fsm-13]: process has died [pid 39690, exit code -9, cmd '/home/rasya/ros2_ws/install/hydroships_control/lib/hydroships_control/mission_fsm --ros-args --params-file /tmp/launch_params_uq8j5bn0'].
[ERROR] [payload_spawner-10]: process has died [pid 39681, exit code -9, cmd '/home/rasya/ros2_ws/install/hydroships_gazebo/lib/hydroships_gazebo/payload_spawner --ros-args --params-file /tmp/launch_params_deny5_py'].
[ERROR] [parameter_bridge-2]: process has died [pid 39664, exit code -9, cmd '/opt/ros/humble/lib/ros_gz_bridge/parameter_bridge --ros-args --params-file /tmp/launch_params_kpfv4fp_'].
[ERROR] [robot_state_publisher-3]: process has died [pid 39667, exit code -9, cmd '/opt/ros/humble/lib/robot_state_publisher/robot_state_publisher --ros-args --params-file /tmp/launch_params_1aimqy_8'].
