=== Menjalankan Seed: 1001 ===
[INFO] [launch]: All log files can be found below /home/rasya/.ros/log/2026-08-13-14-52-35-738870-rasya-Latitude-3450-2130190
[INFO] [launch]: Default logging verbosity is set to INFO
[sim.launch] ROV spawn (random=True) di (1.216, -2.05, -0.5) yaw=1.7532 rad
[sim.launch] world file "kki_arena.sdf" -> world name "kki_arena"
[INFO] [ign gazebo-1]: process started with pid [2130209]
[INFO] [parameter_bridge-2]: process started with pid [2130211]
[INFO] [robot_state_publisher-3]: process started with pid [2130214]
[INFO] [depth_publisher-4]: process started with pid [2130216]
[INFO] [qr_detector-5]: process started with pid [2130218]
[INFO] [gripper_controller-6]: process started with pid [2130220]
[INFO] [hook_detector-7]: process started with pid [2130222]
[INFO] [payload_spawner-8]: process started with pid [2130224]
[INFO] [thruster_allocator-9]: process started with pid [2130226]
[INFO] [stabilizer-10]: process started with pid [2130228]
[INFO] [mission_fsm-11]: process started with pid [2130230]
[robot_state_publisher-3] [WARN] [1786607556.114137896] [kdl_parser]: The root link base_link has an inertia specified in the URDF, but KDL does not support a root link with an inertia.  As a workaround, you can add an extra dummy link to your URDF.
[robot_state_publisher-3] [INFO] [1786607556.114259553] [robot_state_publisher]: got segment base_link
[robot_state_publisher-3] [INFO] [1786607556.114336765] [robot_state_publisher]: got segment camera_bottom_link
[robot_state_publisher-3] [INFO] [1786607556.114348826] [robot_state_publisher]: got segment camera_front_link
[robot_state_publisher-3] [INFO] [1786607556.114356823] [robot_state_publisher]: got segment depth_link
[robot_state_publisher-3] [INFO] [1786607556.114364188] [robot_state_publisher]: got segment gripper_base
[robot_state_publisher-3] [INFO] [1786607556.114371270] [robot_state_publisher]: got segment gripper_finger_left
[robot_state_publisher-3] [INFO] [1786607556.114378338] [robot_state_publisher]: got segment gripper_finger_right
[robot_state_publisher-3] [INFO] [1786607556.114385549] [robot_state_publisher]: got segment imu_link
[robot_state_publisher-3] [INFO] [1786607556.114392520] [robot_state_publisher]: got segment thruster_1
[robot_state_publisher-3] [INFO] [1786607556.114399052] [robot_state_publisher]: got segment thruster_2
[robot_state_publisher-3] [INFO] [1786607556.114405827] [robot_state_publisher]: got segment thruster_3
[robot_state_publisher-3] [INFO] [1786607556.114412284] [robot_state_publisher]: got segment thruster_4
[robot_state_publisher-3] [INFO] [1786607556.114418998] [robot_state_publisher]: got segment thruster_5
[robot_state_publisher-3] [INFO] [1786607556.114425807] [robot_state_publisher]: got segment thruster_6
[thruster_allocator-9] [INFO] [1786607556.332509387] [thruster_allocator]: Thruster allocator siap. TAM rank = 6 / 6, cond = 20, damping = 0.1.
[stabilizer-10] [INFO] [1786607556.479561323] [stabilizer]: Stabilizer aktif. depth_hold=True heading_hold=True pitch_hold=True roll_hold=True target_depth=-0.1 m.
[payload_spawner-8] [INFO] [1786607556.486500290] [payload_spawner]: payload_spawner siap (spawn dalam 3.5s)
[gripper_controller-6] [INFO] [1786607556.497925781] [gripper_controller]: gripper_controller siap (DetachableJoint; detach saat payload spawn)
[qr_detector-5] [INFO] [1786607556.502261655] [qr_detector]: qr_detector siap (subscribe /hydroships/camera_bottom/image_raw, /hydroships/camera_front/image_raw)
[hook_detector-7] [INFO] [1786607556.514423338] [hook_detector]: hook_detector siap (subscribe /hydroships/camera_front/image_raw)
[mission_fsm-11] [INFO] [1786607556.520645222] [mission_fsm]: Urutan wall: ['B', 'D', 'A', 'C']
[mission_fsm-11] [INFO] [1786607556.521217499] [mission_fsm]: mission_fsm siap — mulai dalam 3s (start=AUTO_RELEASE)
[parameter_bridge-2] [INFO] [1786607557.118218527] [ros_gz_bridge]: Creating GZ->ROS Bridge: [/clock (gz.msgs.Clock) -> /clock (rosgraph_msgs/msg/Clock)] (Lazy 0)
[parameter_bridge-2] [INFO] [1786607557.120380150] [ros_gz_bridge]: Creating GZ->ROS Bridge: [/model/hydroships/odometry (gz.msgs.Odometry) -> /hydroships/odom (nav_msgs/msg/Odometry)] (Lazy 0)
[parameter_bridge-2] [INFO] [1786607557.123257760] [ros_gz_bridge]: Creating GZ->ROS Bridge: [/hydroships/imu (gz.msgs.IMU) -> /hydroships/imu (sensor_msgs/msg/Imu)] (Lazy 0)
[parameter_bridge-2] [INFO] [1786607557.125920421] [ros_gz_bridge]: Creating GZ->ROS Bridge: [/hydroships/camera_front/image (gz.msgs.Image) -> /hydroships/camera_front/image_raw (sensor_msgs/msg/Image)] (Lazy 0)
[parameter_bridge-2] [INFO] [1786607557.127379632] [ros_gz_bridge]: Creating GZ->ROS Bridge: [/hydroships/camera_bottom/image (gz.msgs.Image) -> /hydroships/camera_bottom/image_raw (sensor_msgs/msg/Image)] (Lazy 0)
[parameter_bridge-2] [INFO] [1786607557.128685486] [ros_gz_bridge]: Creating GZ->ROS Bridge: [/hydroships/camera_front/camera_info (gz.msgs.CameraInfo) -> /hydroships/camera_front/camera_info (sensor_msgs/msg/CameraInfo)] (Lazy 0)
[parameter_bridge-2] [INFO] [1786607557.129601574] [ros_gz_bridge]: Creating GZ->ROS Bridge: [/hydroships/camera_bottom/camera_info (gz.msgs.CameraInfo) -> /hydroships/camera_bottom/camera_info (sensor_msgs/msg/CameraInfo)] (Lazy 0)
[parameter_bridge-2] [INFO] [1786607557.130104372] [ros_gz_bridge]: Creating ROS->GZ Bridge: [/hydroships/thruster_1/thrust (std_msgs/msg/Float64) -> /hydroships/thruster_1/thrust (gz.msgs.Double)] (Lazy 0)
[parameter_bridge-2] [INFO] [1786607557.130840264] [ros_gz_bridge]: Creating ROS->GZ Bridge: [/hydroships/thruster_2/thrust (std_msgs/msg/Float64) -> /hydroships/thruster_2/thrust (gz.msgs.Double)] (Lazy 0)
[parameter_bridge-2] [INFO] [1786607557.131179853] [ros_gz_bridge]: Creating ROS->GZ Bridge: [/hydroships/thruster_3/thrust (std_msgs/msg/Float64) -> /hydroships/thruster_3/thrust (gz.msgs.Double)] (Lazy 0)
[parameter_bridge-2] [INFO] [1786607557.131472336] [ros_gz_bridge]: Creating ROS->GZ Bridge: [/hydroships/thruster_4/thrust (std_msgs/msg/Float64) -> /hydroships/thruster_4/thrust (gz.msgs.Double)] (Lazy 0)
[parameter_bridge-2] [INFO] [1786607557.131759771] [ros_gz_bridge]: Creating ROS->GZ Bridge: [/hydroships/thruster_5/thrust (std_msgs/msg/Float64) -> /hydroships/thruster_5/thrust (gz.msgs.Double)] (Lazy 0)
[parameter_bridge-2] [INFO] [1786607557.132207939] [ros_gz_bridge]: Creating ROS->GZ Bridge: [/hydroships/thruster_6/thrust (std_msgs/msg/Float64) -> /hydroships/thruster_6/thrust (gz.msgs.Double)] (Lazy 0)
[parameter_bridge-2] [INFO] [1786607557.133125815] [ros_gz_bridge]: Creating ROS->GZ Bridge: [/hydroships/gripper_left/cmd (std_msgs/msg/Float64) -> /hydroships/gripper_left/cmd (gz.msgs.Double)] (Lazy 0)
[parameter_bridge-2] [INFO] [1786607557.134065810] [ros_gz_bridge]: Creating ROS->GZ Bridge: [/hydroships/gripper_right/cmd (std_msgs/msg/Float64) -> /hydroships/gripper_right/cmd (gz.msgs.Double)] (Lazy 0)
[parameter_bridge-2] [INFO] [1786607557.135062730] [ros_gz_bridge]: Creating ROS->GZ Bridge: [/hydroships/gripper/attach (std_msgs/msg/Empty) -> /hydroships/gripper/attach (gz.msgs.Empty)] (Lazy 0)
[parameter_bridge-2] [INFO] [1786607557.137311688] [ros_gz_bridge]: Creating ROS->GZ Bridge: [/hydroships/gripper/detach (std_msgs/msg/Empty) -> /hydroships/gripper/detach (gz.msgs.Empty)] (Lazy 0)
[parameter_bridge-2] [INFO] [1786607558.407691820] [ros_gz_bridge]: Passing message from ROS std_msgs/msg/Float64 to Gazebo gz.msgs.Double (showing msg only once per type)
[INFO] [create-12]: process started with pid [2130455]
[create-12] [INFO] [1786607559.317081617] [ros_gz_sim]: Requested creation of entity.
[create-12] [INFO] [1786607559.317518334] [ros_gz_sim]: OK creation of entity.
[INFO] [create-12]: process has finished cleanly [pid 2130455]
[qr_detector-5] [INFO] [1786607559.708225830] [qr_detector]: camera_info camera_bottom_link: fx=381.4 fy=381.4 cx=320.0 cy=240.0 (640x480) [intrinsics SIM, bukan kalibrasi hardware]
[qr_detector-5] [INFO] [1786607559.775465943] [qr_detector]: camera_info camera_front_link: fx=381.4 fy=381.4 cx=320.0 cy=240.0 (640x480) [intrinsics SIM, bukan kalibrasi hardware]
[qr_detector-5] [INFO] [1786607559.787372994] [qr_detector]: FRAME PERTAMA dari /hydroships/camera_bottom/image_raw (640x480 enc=rgb8 step=1920)
[hook_detector-7] [INFO] [1786607559.824498111] [hook_detector]: FRAME PERTAMA dari /hydroships/camera_front/image_raw (640x480 enc=rgb8 step=1920)
[hook_detector-7] [INFO] [1786607559.830217450] [hook_detector]: hook terdeteksi: center=(320,310) area=106672
[qr_detector-5] [WARN] [1786607559.911837865] [qr_detector]: DECODE GAGAL: QR tak terdeteksi (pts=None) shape=(480, 640, 3) [/hydroships/camera_bottom/image_raw]
[qr_detector-5] [INFO] [1786607559.913156046] [qr_detector]: FRAME PERTAMA dari /hydroships/camera_front/image_raw (640x480 enc=rgb8 step=1920)
[hook_detector-7] [WARN] [1786607561.698243211] [hook_detector]: HOOK TAK TERDETEKSI (kontur & Hough gagal / area < min_area=150) shape=(480, 640, 3)
[qr_detector-5] [INFO] [1786607562.057401285] [qr_detector]: GATEDBG offset: t=2.318 frame=camera_bottom_link ex=-0.192 ey=-0.382 size=0.769
[qr_detector-5] [WARN] [1786607562.058194507] [qr_detector]: DECODE GAGAL: QR terdeteksi (pts ada, kandidat=adaptive_thresh_upscaled) tapi decode kosong shape=(480, 640, 3) [/hydroships/camera_bottom/image_raw]
[mission_fsm-11] [INFO] [1786607562.322180609] [mission_fsm]: ===== MISI KKI 2026 DIMULAI =====
[mission_fsm-11] [INFO] [1786607562.322894784] [mission_fsm]: [FSM] IDLE -> AUTO_RELEASE
[mission_fsm-11] [INFO] [1786607562.442802671] [mission_fsm]: [FSM] AUTO_RELEASE -> ABORT
[qr_detector-5] [INFO] [1786607562.521291902] [qr_detector]: GATEDBG offset: t=2.757 frame=camera_bottom_link ex=+0.323 ey=-0.355 size=1.000
[payload_spawner-8] [INFO] [1786607562.890801371] [payload_spawner]: Spawn payload QR=A pos=(0.40, 0.04, -0.89)
[hook_detector-7] [INFO] [1786607563.254151856] [hook_detector]: hook terdeteksi: center=(320,98) area=3218
[payload_spawner-8] [INFO] [1786607563.510304650] [payload_spawner]: Payload QR=A spawned OK
[parameter_bridge-2] [INFO] [1786607563.511858147] [ros_gz_bridge]: Passing message from ROS std_msgs/msg/Empty to Gazebo gz.msgs.Empty (showing msg only once per type)
[payload_spawner-8] [INFO] [1786607563.511954576] [payload_spawner]: Sinyal /hydroships/payload/spawned diterbitkan
[gripper_controller-6] [INFO] [1786607563.512942002] [gripper_controller]: gripper open: auto-detach startup (lepas attach bawaan gz Fortress) [pemicu: payload spawn terdeteksi]
[qr_detector-5] [INFO] [1786607563.925592526] [qr_detector]: GATEDBG offset: t=4.044 frame=camera_bottom_link ex=-0.152 ey=-0.309 size=2.017
[qr_detector-5] [INFO] [1786607564.436809239] [qr_detector]: GATEDBG offset: t=4.499 frame=camera_bottom_link ex=-0.433 ey=-0.214 size=0.965
[qr_detector-5] [WARN] [1786607565.054698885] [qr_detector]: DECODE GAGAL: QR tak terdeteksi (pts=None) shape=(480, 640, 3) [/hydroships/camera_bottom/image_raw]
[qr_detector-5] [INFO] [1786607569.201421898] [qr_detector]: GATEDBG offset: t=7.759 frame=camera_bottom_link ex=-0.130 ey=-0.445 size=0.412
[qr_detector-5] [WARN] [1786607569.202824903] [qr_detector]: DECODE GAGAL: QR terdeteksi (pts ada, kandidat=adaptive_thresh_denoised) tapi decode kosong shape=(480, 640, 3) [/hydroships/camera_bottom/image_raw]
[qr_detector-5] [INFO] [1786607569.803891544] [qr_detector]: GATEDBG offset: t=8.058 frame=camera_bottom_link ex=+0.113 ey=+0.185 size=0.592
[qr_detector-5] [INFO] [1786607570.377684083] [qr_detector]: GATEDBG offset: t=8.497 frame=camera_bottom_link ex=-0.495 ey=-0.411 size=0.605
[qr_detector-5] [WARN] [1786607570.900298183] [qr_detector]: DECODE GAGAL: QR tak terdeteksi (pts=None) shape=(480, 640, 3) [/hydroships/camera_bottom/image_raw]
[hook_detector-7] [WARN] [1786607572.147286187] [hook_detector]: HOOK TAK TERDETEKSI (kontur & Hough gagal / area < min_area=150) shape=(480, 640, 3)
[qr_detector-5] [INFO] [1786607572.392220748] [qr_detector]: GATEDBG offset: t=9.779 frame=camera_bottom_link ex=-0.529 ey=-0.702 size=0.530
[qr_detector-5] [INFO] [1786607574.946499500] [qr_detector]: GATEDBG offset: t=11.420 frame=camera_bottom_link ex=-0.239 ey=-0.393 size=0.450
[qr_detector-5] [WARN] [1786607574.949342259] [qr_detector]: DECODE GAGAL: QR terdeteksi (pts ada, kandidat=adaptive_thresh_denoised) tapi decode kosong shape=(480, 640, 3) [/hydroships/camera_bottom/image_raw]
[qr_detector-5] [INFO] [1786607575.593056908] [qr_detector]: GATEDBG offset: t=11.750 frame=camera_bottom_link ex=-0.113 ey=-0.017 size=0.584
[qr_detector-5] [INFO] [1786607576.197074032] [qr_detector]: GATEDBG offset: t=12.037 frame=camera_bottom_link ex=-0.510 ey=-0.433 size=0.552
[qr_detector-5] [INFO] [1786607576.716104435] [qr_detector]: GATEDBG offset: t=12.417 frame=camera_bottom_link ex=+0.026 ey=+0.451 size=0.547
[qr_detector-5] [WARN] [1786607577.216428112] [qr_detector]: DECODE GAGAL: QR tak terdeteksi (pts=None) shape=(480, 640, 3) [/hydroships/camera_bottom/image_raw]
[hook_detector-7] [WARN] [1786607577.229201221] [hook_detector]: HOOK TAK TERDETEKSI (kontur & Hough gagal / area < min_area=150) shape=(480, 640, 3)
[qr_detector-5] [INFO] [1786607578.841485608] [qr_detector]: GATEDBG offset: t=14.010 frame=camera_bottom_link ex=-0.094 ey=-0.324 size=1.542
[qr_detector-5] [INFO] [1786607579.319815054] [qr_detector]: GATEDBG offset: t=14.359 frame=camera_bottom_link ex=-0.057 ey=+0.018 size=0.844
[qr_detector-5] [INFO] [1786607580.410632676] [qr_detector]: GATEDBG offset: t=15.009 frame=camera_bottom_link ex=-0.282 ey=+0.299 size=0.967
[qr_detector-5] [WARN] [1786607580.412109715] [qr_detector]: DECODE GAGAL: QR terdeteksi (pts ada, kandidat=adaptive_thresh_upscaled) tapi decode kosong shape=(480, 640, 3) [/hydroships/camera_bottom/image_raw]
[hook_detector-7] [WARN] [1786607582.263570052] [hook_detector]: HOOK TAK TERDETEKSI (kontur & Hough gagal / area < min_area=150) shape=(480, 640, 3)
[qr_detector-5] [WARN] [1786607582.292892684] [qr_detector]: DECODE GAGAL: QR tak terdeteksi (pts=None) shape=(480, 640, 3) [/hydroships/camera_bottom/image_raw]
[qr_detector-5] [WARN] [1786607583.432096504] [qr_detector]: GATEDBG offset: DITOLAK size=31.348 di luar rentang wajar (pts korup?) [camera_bottom_link]
[qr_detector-5] [INFO] [1786607586.677325759] [qr_detector]: GATEDBG offset: t=19.154 frame=camera_bottom_link ex=-0.344 ey=+0.001 size=0.955
[qr_detector-5] [WARN] [1786607586.678717559] [qr_detector]: DECODE GAGAL: QR terdeteksi (pts ada, kandidat=adaptive_thresh_upscaled) tapi decode kosong shape=(480, 640, 3) [/hydroships/camera_bottom/image_raw]
[hook_detector-7] [WARN] [1786607587.464148835] [hook_detector]: HOOK TAK TERDETEKSI (kontur & Hough gagal / area < min_area=150) shape=(480, 640, 3)
[qr_detector-5] [WARN] [1786607587.725515862] [qr_detector]: DECODE GAGAL: QR tak terdeteksi (pts=None) shape=(480, 640, 3) [/hydroships/camera_bottom/image_raw]
[qr_detector-5] [INFO] [1786607591.213077564] [qr_detector]: GATEDBG offset: t=22.253 frame=camera_bottom_link ex=-0.151 ey=+0.359 size=0.577
[hook_detector-7] [WARN] [1786607592.822681623] [hook_detector]: HOOK TAK TERDETEKSI (kontur & Hough gagal / area < min_area=150) shape=(480, 640, 3)
[qr_detector-5] [WARN] [1786607593.047144684] [qr_detector]: DECODE GAGAL: QR tak terdeteksi (pts=None) shape=(480, 640, 3) [/hydroships/camera_bottom/image_raw]
[hook_detector-7] [WARN] [1786607597.895770202] [hook_detector]: HOOK TAK TERDETEKSI (kontur & Hough gagal / area < min_area=150) shape=(480, 640, 3)
[qr_detector-5] [WARN] [1786607598.148211006] [qr_detector]: DECODE GAGAL: QR tak terdeteksi (pts=None) shape=(480, 640, 3) [/hydroships/camera_bottom/image_raw]
[qr_detector-5] [INFO] [1786607598.826082979] [qr_detector]: GATEDBG offset: t=27.276 frame=camera_bottom_link ex=-0.331 ey=+0.386 size=0.600
[qr_detector-5] [WARN] [1786607598.827406950] [qr_detector]: DECODE GAGAL: QR terdeteksi (pts ada, kandidat=adaptive_thresh_denoised) tapi decode kosong shape=(480, 640, 3) [/hydroships/camera_bottom/image_raw]
[qr_detector-5] [INFO] [1786607600.662827952] [qr_detector]: GATEDBG offset: t=28.547 frame=camera_bottom_link ex=-0.344 ey=+0.329 size=0.981
[hook_detector-7] [WARN] [1786607603.071825043] [hook_detector]: HOOK TAK TERDETEKSI (kontur & Hough gagal / area < min_area=150) shape=(480, 640, 3)
[qr_detector-5] [WARN] [1786607603.319871469] [qr_detector]: DECODE GAGAL: QR tak terdeteksi (pts=None) shape=(480, 640, 3) [/hydroships/camera_bottom/image_raw]
[qr_detector-5] [INFO] [1786607603.934184850] [qr_detector]: GATEDBG offset: t=30.850 frame=camera_bottom_link ex=-2.058 ey=-0.221 size=3.731
[qr_detector-5] [WARN] [1786607603.936550706] [qr_detector]: DECODE GAGAL: QR terdeteksi (pts ada, kandidat=adaptive_thresh_denoised) tapi decode kosong shape=(480, 640, 3) [/hydroships/camera_bottom/image_raw]
[qr_detector-5] [INFO] [1786607605.336123425] [qr_detector]: GATEDBG offset: t=31.741 frame=camera_bottom_link ex=+0.007 ey=-0.315 size=0.558
[hook_detector-7] [WARN] [1786607608.100467285] [hook_detector]: HOOK TAK TERDETEKSI (kontur & Hough gagal / area < min_area=150) shape=(480, 640, 3)
[qr_detector-5] [WARN] [1786607608.455567331] [qr_detector]: DECODE GAGAL: QR tak terdeteksi (pts=None) shape=(480, 640, 3) [/hydroships/camera_bottom/image_raw]
[hook_detector-7] [WARN] [1786607613.256172318] [hook_detector]: HOOK TAK TERDETEKSI (kontur & Hough gagal / area < min_area=150) shape=(480, 640, 3)
[qr_detector-5] [WARN] [1786607613.462218281] [qr_detector]: DECODE GAGAL: QR tak terdeteksi (pts=None) shape=(480, 640, 3) [/hydroships/camera_bottom/image_raw]
[qr_detector-5] [INFO] [1786607616.801120188] [qr_detector]: GATEDBG offset: t=40.380 frame=camera_bottom_link ex=-0.638 ey=-0.668 size=0.262
[qr_detector-5] [WARN] [1786607616.802234679] [qr_detector]: DECODE GAGAL: QR terdeteksi (pts ada, kandidat=adaptive_thresh_denoised) tapi decode kosong shape=(480, 640, 3) [/hydroships/camera_bottom/image_raw]
[hook_detector-7] [WARN] [1786607618.374521646] [hook_detector]: HOOK TAK TERDETEKSI (kontur & Hough gagal / area < min_area=150) shape=(480, 640, 3)
[qr_detector-5] [WARN] [1786607619.142548868] [qr_detector]: DECODE GAGAL: QR tak terdeteksi (pts=None) shape=(480, 640, 3) [/hydroships/camera_bottom/image_raw]
[hook_detector-7] [WARN] [1786607623.635246107] [hook_detector]: HOOK TAK TERDETEKSI (kontur & Hough gagal / area < min_area=150) shape=(480, 640, 3)
[qr_detector-5] [WARN] [1786607624.183732987] [qr_detector]: DECODE GAGAL: QR tak terdeteksi (pts=None) shape=(480, 640, 3) [/hydroships/camera_bottom/image_raw]
[hook_detector-7] [WARN] [1786607628.780726124] [hook_detector]: HOOK TAK TERDETEKSI (kontur & Hough gagal / area < min_area=150) shape=(480, 640, 3)
[qr_detector-5] [WARN] [1786607629.841132346] [qr_detector]: DECODE GAGAL: QR tak terdeteksi (pts=None) shape=(480, 640, 3) [/hydroships/camera_bottom/image_raw]
[hook_detector-7] [WARN] [1786607633.994220196] [hook_detector]: HOOK TAK TERDETEKSI (kontur & Hough gagal / area < min_area=150) shape=(480, 640, 3)
[qr_detector-5] [WARN] [1786607634.994465122] [qr_detector]: DECODE GAGAL: QR tak terdeteksi (pts=None) shape=(480, 640, 3) [/hydroships/camera_bottom/image_raw]
[qr_detector-5] [INFO] [1786607635.915488214] [qr_detector]: GATEDBG offset: t=53.297 frame=camera_bottom_link ex=-0.637 ey=+0.077 size=0.852
[qr_detector-5] [WARN] [1786607635.916961356] [qr_detector]: DECODE GAGAL: QR terdeteksi (pts ada, kandidat=adaptive_thresh_denoised) tapi decode kosong shape=(480, 640, 3) [/hydroships/camera_bottom/image_raw]
[hook_detector-7] [WARN] [1786607639.157733846] [hook_detector]: HOOK TAK TERDETEKSI (kontur & Hough gagal / area < min_area=150) shape=(480, 640, 3)
[qr_detector-5] [WARN] [1786607640.300267631] [qr_detector]: DECODE GAGAL: QR tak terdeteksi (pts=None) shape=(480, 640, 3) [/hydroships/camera_bottom/image_raw]
[hook_detector-7] [WARN] [1786607644.388738268] [hook_detector]: HOOK TAK TERDETEKSI (kontur & Hough gagal / area < min_area=150) shape=(480, 640, 3)
[qr_detector-5] [WARN] [1786607645.745919958] [qr_detector]: DECODE GAGAL: QR tak terdeteksi (pts=None) shape=(480, 640, 3) [/hydroships/camera_bottom/image_raw]
[qr_detector-5] [INFO] [1786607646.879917050] [qr_detector]: GATEDBG offset: t=60.806 frame=camera_bottom_link ex=-0.030 ey=+0.200 size=0.679
[qr_detector-5] [WARN] [1786607646.881460656] [qr_detector]: DECODE GAGAL: QR terdeteksi (pts ada, kandidat=adaptive_thresh_denoised) tapi decode kosong shape=(480, 640, 3) [/hydroships/camera_bottom/image_raw]
[hook_detector-7] [WARN] [1786607649.487509165] [hook_detector]: HOOK TAK TERDETEKSI (kontur & Hough gagal / area < min_area=150) shape=(480, 640, 3)
[qr_detector-5] [WARN] [1786607651.237148283] [qr_detector]: DECODE GAGAL: QR tak terdeteksi (pts=None) shape=(480, 640, 3) [/hydroships/camera_bottom/image_raw]
[hook_detector-7] [WARN] [1786607654.638689479] [hook_detector]: HOOK TAK TERDETEKSI (kontur & Hough gagal / area < min_area=150) shape=(480, 640, 3)
[qr_detector-5] [WARN] [1786607656.436385894] [qr_detector]: DECODE GAGAL: QR tak terdeteksi (pts=None) shape=(480, 640, 3) [/hydroships/camera_bottom/image_raw]
[hook_detector-7] [WARN] [1786607659.651714145] [hook_detector]: HOOK TAK TERDETEKSI (kontur & Hough gagal / area < min_area=150) shape=(480, 640, 3)
[qr_detector-5] [WARN] [1786607662.128555563] [qr_detector]: DECODE GAGAL: QR tak terdeteksi (pts=None) shape=(480, 640, 3) [/hydroships/camera_bottom/image_raw]
[hook_detector-7] [WARN] [1786607664.795921008] [hook_detector]: HOOK TAK TERDETEKSI (kontur & Hough gagal / area < min_area=150) shape=(480, 640, 3)
[qr_detector-5] [WARN] [1786607668.043179585] [qr_detector]: DECODE GAGAL: QR tak terdeteksi (pts=None) shape=(480, 640, 3) [/hydroships/camera_bottom/image_raw]
[hook_detector-7] [WARN] [1786607670.025351064] [hook_detector]: HOOK TAK TERDETEKSI (kontur & Hough gagal / area < min_area=150) shape=(480, 640, 3)
[qr_detector-5] [WARN] [1786607673.941845192] [qr_detector]: DECODE GAGAL: QR tak terdeteksi (pts=None) shape=(480, 640, 3) [/hydroships/camera_bottom/image_raw]
[hook_detector-7] [WARN] [1786607675.408372381] [hook_detector]: HOOK TAK TERDETEKSI (kontur & Hough gagal / area < min_area=150) shape=(480, 640, 3)
[qr_detector-5] [WARN] [1786607679.963483644] [qr_detector]: DECODE GAGAL: QR tak terdeteksi (pts=None) shape=(480, 640, 3) [/hydroships/camera_bottom/image_raw]
[hook_detector-7] [WARN] [1786607680.857460862] [hook_detector]: HOOK TAK TERDETEKSI (kontur & Hough gagal / area < min_area=150) shape=(480, 640, 3)
[qr_detector-5] [WARN] [1786607686.060549483] [qr_detector]: DECODE GAGAL: QR tak terdeteksi (pts=None) shape=(480, 640, 3) [/hydroships/camera_bottom/image_raw]
[hook_detector-7] [WARN] [1786607686.286469486] [hook_detector]: HOOK TAK TERDETEKSI (kontur & Hough gagal / area < min_area=150) shape=(480, 640, 3)
[qr_detector-5] [WARN] [1786607691.156510876] [qr_detector]: DECODE GAGAL: QR tak terdeteksi (pts=None) shape=(480, 640, 3) [/hydroships/camera_bottom/image_raw]
[hook_detector-7] [WARN] [1786607691.448968617] [hook_detector]: HOOK TAK TERDETEKSI (kontur & Hough gagal / area < min_area=150) shape=(480, 640, 3)
[hook_detector-7] [WARN] [1786607696.518857289] [hook_detector]: HOOK TAK TERDETEKSI (kontur & Hough gagal / area < min_area=150) shape=(480, 640, 3)
[qr_detector-5] [WARN] [1786607697.391163880] [qr_detector]: DECODE GAGAL: QR tak terdeteksi (pts=None) shape=(480, 640, 3) [/hydroships/camera_bottom/image_raw]
[hook_detector-7] [WARN] [1786607701.602054534] [hook_detector]: HOOK TAK TERDETEKSI (kontur & Hough gagal / area < min_area=150) shape=(480, 640, 3)
[qr_detector-5] [WARN] [1786607702.678645898] [qr_detector]: DECODE GAGAL: QR tak terdeteksi (pts=None) shape=(480, 640, 3) [/hydroships/camera_bottom/image_raw]
[hook_detector-7] [WARN] [1786607706.850914792] [hook_detector]: HOOK TAK TERDETEKSI (kontur & Hough gagal / area < min_area=150) shape=(480, 640, 3)
[qr_detector-5] [WARN] [1786607707.886001781] [qr_detector]: DECODE GAGAL: QR tak terdeteksi (pts=None) shape=(480, 640, 3) [/hydroships/camera_bottom/image_raw]
[hook_detector-7] [WARN] [1786607711.972783380] [hook_detector]: HOOK TAK TERDETEKSI (kontur & Hough gagal / area < min_area=150) shape=(480, 640, 3)
[qr_detector-5] [WARN] [1786607713.527636877] [qr_detector]: DECODE GAGAL: QR tak terdeteksi (pts=None) shape=(480, 640, 3) [/hydroships/camera_bottom/image_raw]
[hook_detector-7] [WARN] [1786607717.089047820] [hook_detector]: HOOK TAK TERDETEKSI (kontur & Hough gagal / area < min_area=150) shape=(480, 640, 3)
[qr_detector-5] [WARN] [1786607719.328575314] [qr_detector]: DECODE GAGAL: QR tak terdeteksi (pts=None) shape=(480, 640, 3) [/hydroships/camera_bottom/image_raw]
[hook_detector-7] [WARN] [1786607722.307707812] [hook_detector]: HOOK TAK TERDETEKSI (kontur & Hough gagal / area < min_area=150) shape=(480, 640, 3)
[qr_detector-5] [WARN] [1786607724.859861324] [qr_detector]: DECODE GAGAL: QR tak terdeteksi (pts=None) shape=(480, 640, 3) [/hydroships/camera_bottom/image_raw]
[qr_detector-5] [INFO] [1786607726.327021452] [qr_detector]: GATEDBG offset: t=107.653 frame=camera_bottom_link ex=-0.341 ey=-0.507 size=0.552
[qr_detector-5] [WARN] [1786607726.328405268] [qr_detector]: DECODE GAGAL: QR terdeteksi (pts ada, kandidat=adaptive_thresh_denoised) tapi decode kosong shape=(480, 640, 3) [/hydroships/camera_bottom/image_raw]
[hook_detector-7] [WARN] [1786607727.703470394] [hook_detector]: HOOK TAK TERDETEKSI (kontur & Hough gagal / area < min_area=150) shape=(480, 640, 3)
[qr_detector-5] [WARN] [1786607730.676576786] [qr_detector]: DECODE GAGAL: QR tak terdeteksi (pts=None) shape=(480, 640, 3) [/hydroships/camera_bottom/image_raw]
[hook_detector-7] [WARN] [1786607732.773888645] [hook_detector]: HOOK TAK TERDETEKSI (kontur & Hough gagal / area < min_area=150) shape=(480, 640, 3)
[qr_detector-5] [WARN] [1786607736.131918995] [qr_detector]: DECODE GAGAL: QR tak terdeteksi (pts=None) shape=(480, 640, 3) [/hydroships/camera_bottom/image_raw]
[hook_detector-7] [WARN] [1786607738.152366899] [hook_detector]: HOOK TAK TERDETEKSI (kontur & Hough gagal / area < min_area=150) shape=(480, 640, 3)
[qr_detector-5] [WARN] [1786607741.852849564] [qr_detector]: DECODE GAGAL: QR tak terdeteksi (pts=None) shape=(480, 640, 3) [/hydroships/camera_bottom/image_raw]
[hook_detector-7] [WARN] [1786607743.504817253] [hook_detector]: HOOK TAK TERDETEKSI (kontur & Hough gagal / area < min_area=150) shape=(480, 640, 3)
[qr_detector-5] [WARN] [1786607747.799350716] [qr_detector]: DECODE GAGAL: QR tak terdeteksi (pts=None) shape=(480, 640, 3) [/hydroships/camera_bottom/image_raw]
[hook_detector-7] [WARN] [1786607748.747413942] [hook_detector]: HOOK TAK TERDETEKSI (kontur & Hough gagal / area < min_area=150) shape=(480, 640, 3)
[qr_detector-5] [INFO] [1786607753.945120827] [qr_detector]: GATEDBG offset: t=123.773 frame=camera_bottom_link ex=-0.156 ey=-0.155 size=0.890
[qr_detector-5] [WARN] [1786607753.946584431] [qr_detector]: DECODE GAGAL: QR terdeteksi (pts ada, kandidat=adaptive_thresh_denoised) tapi decode kosong shape=(480, 640, 3) [/hydroships/camera_bottom/image_raw]
[hook_detector-7] [WARN] [1786607754.025828454] [hook_detector]: HOOK TAK TERDETEKSI (kontur & Hough gagal / area < min_area=150) shape=(480, 640, 3)
[qr_detector-5] [WARN] [1786607755.491146649] [qr_detector]: DECODE GAGAL: QR tak terdeteksi (pts=None) shape=(480, 640, 3) [/hydroships/camera_bottom/image_raw]
[hook_detector-7] [WARN] [1786607759.028406376] [hook_detector]: HOOK TAK TERDETEKSI (kontur & Hough gagal / area < min_area=150) shape=(480, 640, 3)
[qr_detector-5] [WARN] [1786607761.361169655] [qr_detector]: DECODE GAGAL: QR tak terdeteksi (pts=None) shape=(480, 640, 3) [/hydroships/camera_bottom/image_raw]
[hook_detector-7] [WARN] [1786607764.198961961] [hook_detector]: HOOK TAK TERDETEKSI (kontur & Hough gagal / area < min_area=150) shape=(480, 640, 3)
[qr_detector-5] [WARN] [1786607767.523227796] [qr_detector]: DECODE GAGAL: QR tak terdeteksi (pts=None) shape=(480, 640, 3) [/hydroships/camera_bottom/image_raw]
[hook_detector-7] [WARN] [1786607769.268382459] [hook_detector]: HOOK TAK TERDETEKSI (kontur & Hough gagal / area < min_area=150) shape=(480, 640, 3)
[qr_detector-5] [WARN] [1786607773.819019040] [qr_detector]: DECODE GAGAL: QR tak terdeteksi (pts=None) shape=(480, 640, 3) [/hydroships/camera_bottom/image_raw]
[hook_detector-7] [WARN] [1786607774.575406139] [hook_detector]: HOOK TAK TERDETEKSI (kontur & Hough gagal / area < min_area=150) shape=(480, 640, 3)
[qr_detector-5] [INFO] [1786607775.360176791] [qr_detector]: GATEDBG offset: t=135.827 frame=camera_bottom_link ex=-0.145 ey=+0.443 size=0.666
[qr_detector-5] [WARN] [1786607775.363029735] [qr_detector]: DECODE GAGAL: QR terdeteksi (pts ada, kandidat=adaptive_thresh_denoised) tapi decode kosong shape=(480, 640, 3) [/hydroships/camera_bottom/image_raw]
[qr_detector-5] [INFO] [1786607778.696086219] [qr_detector]: GATEDBG offset: t=137.674 frame=camera_bottom_link ex=-0.431 ey=-0.391 size=0.625
[hook_detector-7] [WARN] [1786607779.656628624] [hook_detector]: HOOK TAK TERDETEKSI (kontur & Hough gagal / area < min_area=150) shape=(480, 640, 3)
[qr_detector-5] [WARN] [1786607780.272172749] [qr_detector]: DECODE GAGAL: QR tak terdeteksi (pts=None) shape=(480, 640, 3) [/hydroships/camera_bottom/image_raw]
[hook_detector-7] [WARN] [1786607785.023754321] [hook_detector]: HOOK TAK TERDETEKSI (kontur & Hough gagal / area < min_area=150) shape=(480, 640, 3)
[qr_detector-5] [WARN] [1786607786.260326364] [qr_detector]: DECODE GAGAL: QR tak terdeteksi (pts=None) shape=(480, 640, 3) [/hydroships/camera_bottom/image_raw]
[hook_detector-7] [WARN] [1786607790.067510151] [hook_detector]: HOOK TAK TERDETEKSI (kontur & Hough gagal / area < min_area=150) shape=(480, 640, 3)
[qr_detector-5] [WARN] [1786607792.290658143] [qr_detector]: DECODE GAGAL: QR tak terdeteksi (pts=None) shape=(480, 640, 3) [/hydroships/camera_bottom/image_raw]
[hook_detector-7] [WARN] [1786607795.285450060] [hook_detector]: HOOK TAK TERDETEKSI (kontur & Hough gagal / area < min_area=150) shape=(480, 640, 3)
[qr_detector-5] [WARN] [1786607798.471636403] [qr_detector]: DECODE GAGAL: QR tak terdeteksi (pts=None) shape=(480, 640, 3) [/hydroships/camera_bottom/image_raw]
[hook_detector-7] [WARN] [1786607800.589334314] [hook_detector]: HOOK TAK TERDETEKSI (kontur & Hough gagal / area < min_area=150) shape=(480, 640, 3)
[qr_detector-5] [INFO] [1786607803.398266646] [qr_detector]: GATEDBG offset: t=152.039 frame=camera_bottom_link ex=+0.046 ey=-0.248 size=0.779
[qr_detector-5] [WARN] [1786607803.399740632] [qr_detector]: DECODE GAGAL: QR terdeteksi (pts ada, kandidat=adaptive_thresh_denoised) tapi decode kosong shape=(480, 640, 3) [/hydroships/camera_bottom/image_raw]
[qr_detector-5] [WARN] [1786607804.966278109] [qr_detector]: DECODE GAGAL: QR tak terdeteksi (pts=None) shape=(480, 640, 3) [/hydroships/camera_bottom/image_raw]
[hook_detector-7] [WARN] [1786607805.944379610] [hook_detector]: HOOK TAK TERDETEKSI (kontur & Hough gagal / area < min_area=150) shape=(480, 640, 3)
[hook_detector-7] [WARN] [1786607810.998307065] [hook_detector]: HOOK TAK TERDETEKSI (kontur & Hough gagal / area < min_area=150) shape=(480, 640, 3)
[qr_detector-5] [WARN] [1786607811.258787128] [qr_detector]: DECODE GAGAL: QR tak terdeteksi (pts=None) shape=(480, 640, 3) [/hydroships/camera_bottom/image_raw]
[hook_detector-7] [WARN] [1786607816.211044793] [hook_detector]: HOOK TAK TERDETEKSI (kontur & Hough gagal / area < min_area=150) shape=(480, 640, 3)
[qr_detector-5] [WARN] [1786607817.301944223] [qr_detector]: DECODE GAGAL: QR tak terdeteksi (pts=None) shape=(480, 640, 3) [/hydroships/camera_bottom/image_raw]
[hook_detector-7] [WARN] [1786607821.295035176] [hook_detector]: HOOK TAK TERDETEKSI (kontur & Hough gagal / area < min_area=150) shape=(480, 640, 3)
[qr_detector-5] [WARN] [1786607823.521978798] [qr_detector]: DECODE GAGAL: QR tak terdeteksi (pts=None) shape=(480, 640, 3) [/hydroships/camera_bottom/image_raw]
[hook_detector-7] [WARN] [1786607826.555921795] [hook_detector]: HOOK TAK TERDETEKSI (kontur & Hough gagal / area < min_area=150) shape=(480, 640, 3)
[qr_detector-5] [WARN] [1786607830.372127602] [qr_detector]: DECODE GAGAL: QR tak terdeteksi (pts=None) shape=(480, 640, 3) [/hydroships/camera_bottom/image_raw]
[hook_detector-7] [WARN] [1786607831.706339474] [hook_detector]: HOOK TAK TERDETEKSI (kontur & Hough gagal / area < min_area=150) shape=(480, 640, 3)
[qr_detector-5] [WARN] [1786607836.305858696] [qr_detector]: DECODE GAGAL: QR tak terdeteksi (pts=None) shape=(480, 640, 3) [/hydroships/camera_bottom/image_raw]
[hook_detector-7] [WARN] [1786607836.709986720] [hook_detector]: HOOK TAK TERDETEKSI (kontur & Hough gagal / area < min_area=150) shape=(480, 640, 3)
[hook_detector-7] [WARN] [1786607841.802837029] [hook_detector]: HOOK TAK TERDETEKSI (kontur & Hough gagal / area < min_area=150) shape=(480, 640, 3)
[qr_detector-5] [WARN] [1786607841.820578380] [qr_detector]: DECODE GAGAL: QR tak terdeteksi (pts=None) shape=(480, 640, 3) [/hydroships/camera_bottom/image_raw]
[hook_detector-7] [WARN] [1786607847.025035956] [hook_detector]: HOOK TAK TERDETEKSI (kontur & Hough gagal / area < min_area=150) shape=(480, 640, 3)
[qr_detector-5] [WARN] [1786607847.091948029] [qr_detector]: DECODE GAGAL: QR tak terdeteksi (pts=None) shape=(480, 640, 3) [/hydroships/camera_bottom/image_raw]
[hook_detector-7] [WARN] [1786607852.516584577] [hook_detector]: HOOK TAK TERDETEKSI (kontur & Hough gagal / area < min_area=150) shape=(480, 640, 3)
[qr_detector-5] [WARN] [1786607852.645499046] [qr_detector]: DECODE GAGAL: QR tak terdeteksi (pts=None) shape=(480, 640, 3) [/hydroships/camera_bottom/image_raw]
[hook_detector-7] [WARN] [1786607857.597653782] [hook_detector]: HOOK TAK TERDETEKSI (kontur & Hough gagal / area < min_area=150) shape=(480, 640, 3)
[qr_detector-5] [WARN] [1786607858.128977026] [qr_detector]: DECODE GAGAL: QR tak terdeteksi (pts=None) shape=(480, 640, 3) [/hydroships/camera_bottom/image_raw]
[hook_detector-7] [WARN] [1786607862.912265143] [hook_detector]: HOOK TAK TERDETEKSI (kontur & Hough gagal / area < min_area=150) shape=(480, 640, 3)
[qr_detector-5] [WARN] [1786607863.383110028] [qr_detector]: DECODE GAGAL: QR tak terdeteksi (pts=None) shape=(480, 640, 3) [/hydroships/camera_bottom/image_raw]
[hook_detector-7] [WARN] [1786607868.330369857] [hook_detector]: HOOK TAK TERDETEKSI (kontur & Hough gagal / area < min_area=150) shape=(480, 640, 3)
[qr_detector-5] [WARN] [1786607868.447297181] [qr_detector]: DECODE GAGAL: QR tak terdeteksi (pts=None) shape=(480, 640, 3) [/hydroships/camera_bottom/image_raw]
[hook_detector-7] [WARN] [1786607873.519634405] [hook_detector]: HOOK TAK TERDETEKSI (kontur & Hough gagal / area < min_area=150) shape=(480, 640, 3)
[qr_detector-5] [WARN] [1786607875.029110864] [qr_detector]: DECODE GAGAL: QR tak terdeteksi (pts=None) shape=(480, 640, 3) [/hydroships/camera_bottom/image_raw]
[qr_detector-5] [INFO] [1786607876.743714719] [qr_detector]: GATEDBG offset: t=191.380 frame=camera_bottom_link ex=+0.213 ey=-0.161 size=0.412
[qr_detector-5] [WARN] [1786607876.745367110] [qr_detector]: DECODE GAGAL: QR terdeteksi (pts ada, kandidat=adaptive_thresh_denoised) tapi decode kosong shape=(480, 640, 3) [/hydroships/camera_bottom/image_raw]
[hook_detector-7] [WARN] [1786607878.913710022] [hook_detector]: HOOK TAK TERDETEKSI (kontur & Hough gagal / area < min_area=150) shape=(480, 640, 3)
[qr_detector-5] [WARN] [1786607880.458687531] [qr_detector]: DECODE GAGAL: QR tak terdeteksi (pts=None) shape=(480, 640, 3) [/hydroships/camera_bottom/image_raw]
[hook_detector-7] [WARN] [1786607884.006643664] [hook_detector]: HOOK TAK TERDETEKSI (kontur & Hough gagal / area < min_area=150) shape=(480, 640, 3)
[qr_detector-5] [WARN] [1786607885.531104978] [qr_detector]: DECODE GAGAL: QR tak terdeteksi (pts=None) shape=(480, 640, 3) [/hydroships/camera_bottom/image_raw]
[hook_detector-7] [WARN] [1786607889.139442546] [hook_detector]: HOOK TAK TERDETEKSI (kontur & Hough gagal / area < min_area=150) shape=(480, 640, 3)
[qr_detector-5] [WARN] [1786607890.676982307] [qr_detector]: DECODE GAGAL: QR tak terdeteksi (pts=None) shape=(480, 640, 3) [/hydroships/camera_bottom/image_raw]
[hook_detector-7] [WARN] [1786607894.257547738] [hook_detector]: HOOK TAK TERDETEKSI (kontur & Hough gagal / area < min_area=150) shape=(480, 640, 3)
[qr_detector-5] [WARN] [1786607896.275495761] [qr_detector]: DECODE GAGAL: QR tak terdeteksi (pts=None) shape=(480, 640, 3) [/hydroships/camera_bottom/image_raw]
[hook_detector-7] [WARN] [1786607899.366454673] [hook_detector]: HOOK TAK TERDETEKSI (kontur & Hough gagal / area < min_area=150) shape=(480, 640, 3)
[qr_detector-5] [INFO] [1786607899.910784908] [qr_detector]: GATEDBG offset: t=203.297 frame=camera_bottom_link ex=-0.046 ey=-0.731 size=0.806
[qr_detector-5] [WARN] [1786607899.912392179] [qr_detector]: DECODE GAGAL: QR terdeteksi (pts ada, kandidat=adaptive_thresh_denoised) tapi decode kosong shape=(480, 640, 3) [/hydroships/camera_bottom/image_raw]
[qr_detector-5] [WARN] [1786607901.691470938] [qr_detector]: DECODE GAGAL: QR tak terdeteksi (pts=None) shape=(480, 640, 3) [/hydroships/camera_bottom/image_raw]
[hook_detector-7] [WARN] [1786607904.702949760] [hook_detector]: HOOK TAK TERDETEKSI (kontur & Hough gagal / area < min_area=150) shape=(480, 640, 3)
[qr_detector-5] [INFO] [1786607907.181089234] [qr_detector]: GATEDBG offset: t=206.794 frame=camera_bottom_link ex=+0.033 ey=+0.231 size=0.794
[qr_detector-5] [WARN] [1786607907.182849055] [qr_detector]: DECODE GAGAL: QR terdeteksi (pts ada, kandidat=adaptive_thresh_denoised) tapi decode kosong shape=(480, 640, 3) [/hydroships/camera_bottom/image_raw]
[qr_detector-5] [WARN] [1786607909.122994065] [qr_detector]: DECODE GAGAL: QR tak terdeteksi (pts=None) shape=(480, 640, 3) [/hydroships/camera_bottom/image_raw]
[hook_detector-7] [WARN] [1786607910.031179082] [hook_detector]: HOOK TAK TERDETEKSI (kontur & Hough gagal / area < min_area=150) shape=(480, 640, 3)
[qr_detector-5] [WARN] [1786607914.690414480] [qr_detector]: DECODE GAGAL: QR tak terdeteksi (pts=None) shape=(480, 640, 3) [/hydroships/camera_bottom/image_raw]
[hook_detector-7] [WARN] [1786607915.308952342] [hook_detector]: HOOK TAK TERDETEKSI (kontur & Hough gagal / area < min_area=150) shape=(480, 640, 3)
[qr_detector-5] [WARN] [1786607919.953172078] [qr_detector]: DECODE GAGAL: QR tak terdeteksi (pts=None) shape=(480, 640, 3) [/hydroships/camera_bottom/image_raw]
[hook_detector-7] [WARN] [1786607920.571832549] [hook_detector]: HOOK TAK TERDETEKSI (kontur & Hough gagal / area < min_area=150) shape=(480, 640, 3)
[qr_detector-5] [INFO] [1786607921.670255949] [qr_detector]: GATEDBG offset: t=214.214 frame=camera_bottom_link ex=-0.572 ey=-0.912 size=1.056
[qr_detector-5] [WARN] [1786607921.671875078] [qr_detector]: DECODE GAGAL: QR terdeteksi (pts ada, kandidat=adaptive_thresh_denoised) tapi decode kosong shape=(480, 640, 3) [/hydroships/camera_bottom/image_raw]
[qr_detector-5] [WARN] [1786607925.331166508] [qr_detector]: DECODE GAGAL: QR tak terdeteksi (pts=None) shape=(480, 640, 3) [/hydroships/camera_bottom/image_raw]
[hook_detector-7] [WARN] [1786607925.773441036] [hook_detector]: HOOK TAK TERDETEKSI (kontur & Hough gagal / area < min_area=150) shape=(480, 640, 3)
[qr_detector-5] [WARN] [1786607930.480583661] [qr_detector]: DECODE GAGAL: QR tak terdeteksi (pts=None) shape=(480, 640, 3) [/hydroships/camera_bottom/image_raw]
[hook_detector-7] [WARN] [1786607930.871112734] [hook_detector]: HOOK TAK TERDETEKSI (kontur & Hough gagal / area < min_area=150) shape=(480, 640, 3)
[qr_detector-5] [INFO] [1786607935.771555125] [qr_detector]: GATEDBG offset: t=221.756 frame=camera_bottom_link ex=-0.316 ey=-0.466 size=0.748
[qr_detector-5] [WARN] [1786607935.774139187] [qr_detector]: DECODE GAGAL: QR terdeteksi (pts ada, kandidat=adaptive_thresh_denoised) tapi decode kosong shape=(480, 640, 3) [/hydroships/camera_bottom/image_raw]
[hook_detector-7] [WARN] [1786607936.050218718] [hook_detector]: HOOK TAK TERDETEKSI (kontur & Hough gagal / area < min_area=150) shape=(480, 640, 3)
[qr_detector-5] [WARN] [1786607937.614491601] [qr_detector]: DECODE GAGAL: QR tak terdeteksi (pts=None) shape=(480, 640, 3) [/hydroships/camera_bottom/image_raw]
[hook_detector-7] [WARN] [1786607941.223242184] [hook_detector]: HOOK TAK TERDETEKSI (kontur & Hough gagal / area < min_area=150) shape=(480, 640, 3)
[qr_detector-5] [WARN] [1786607944.181738832] [qr_detector]: DECODE GAGAL: QR tak terdeteksi (pts=None) shape=(480, 640, 3) [/hydroships/camera_bottom/image_raw]
[hook_detector-7] [WARN] [1786607946.404779432] [hook_detector]: HOOK TAK TERDETEKSI (kontur & Hough gagal / area < min_area=150) shape=(480, 640, 3)
[qr_detector-5] [WARN] [1786607949.397170270] [qr_detector]: DECODE GAGAL: QR tak terdeteksi (pts=None) shape=(480, 640, 3) [/hydroships/camera_bottom/image_raw]
[hook_detector-7] [WARN] [1786607951.656143674] [hook_detector]: HOOK TAK TERDETEKSI (kontur & Hough gagal / area < min_area=150) shape=(480, 640, 3)
[qr_detector-5] [INFO] [1786607955.804659036] [qr_detector]: GATEDBG offset: t=233.031 frame=camera_bottom_link ex=+0.327 ey=-0.336 size=0.958
[qr_detector-5] [WARN] [1786607955.806060318] [qr_detector]: DECODE GAGAL: QR terdeteksi (pts ada, kandidat=adaptive_thresh_denoised) tapi decode kosong shape=(480, 640, 3) [/hydroships/camera_bottom/image_raw]
[hook_detector-7] [WARN] [1786607957.125431425] [hook_detector]: HOOK TAK TERDETEKSI (kontur & Hough gagal / area < min_area=150) shape=(480, 640, 3)
[qr_detector-5] [WARN] [1786607957.439407692] [qr_detector]: DECODE GAGAL: QR tak terdeteksi (pts=None) shape=(480, 640, 3) [/hydroships/camera_bottom/image_raw]
[hook_detector-7] [WARN] [1786607962.509307483] [hook_detector]: HOOK TAK TERDETEKSI (kontur & Hough gagal / area < min_area=150) shape=(480, 640, 3)
[qr_detector-5] [WARN] [1786607963.716091575] [qr_detector]: DECODE GAGAL: QR tak terdeteksi (pts=None) shape=(480, 640, 3) [/hydroships/camera_bottom/image_raw]
[hook_detector-7] [WARN] [1786607967.892703406] [hook_detector]: HOOK TAK TERDETEKSI (kontur & Hough gagal / area < min_area=150) shape=(480, 640, 3)
[qr_detector-5] [WARN] [1786607970.541392915] [qr_detector]: DECODE GAGAL: QR tak terdeteksi (pts=None) shape=(480, 640, 3) [/hydroships/camera_bottom/image_raw]
[hook_detector-7] [WARN] [1786607973.064620298] [hook_detector]: HOOK TAK TERDETEKSI (kontur & Hough gagal / area < min_area=150) shape=(480, 640, 3)
[qr_detector-5] [INFO] [1786607973.653159689] [qr_detector]: GATEDBG offset: t=242.562 frame=camera_bottom_link ex=-0.416 ey=-0.284 size=0.451
[qr_detector-5] [WARN] [1786607973.654570795] [qr_detector]: DECODE GAGAL: QR terdeteksi (pts ada, kandidat=adaptive_thresh_denoised) tapi decode kosong shape=(480, 640, 3) [/hydroships/camera_bottom/image_raw]
[qr_detector-5] [INFO] [1786607975.196263669] [qr_detector]: GATEDBG offset: t=243.478 frame=camera_bottom_link ex=-0.408 ey=+0.004 size=0.756
[qr_detector-5] [WARN] [1786607976.869828214] [qr_detector]: DECODE GAGAL: QR tak terdeteksi (pts=None) shape=(480, 640, 3) [/hydroships/camera_bottom/image_raw]
[hook_detector-7] [WARN] [1786607978.143849866] [hook_detector]: HOOK TAK TERDETEKSI (kontur & Hough gagal / area < min_area=150) shape=(480, 640, 3)
[qr_detector-5] [WARN] [1786607983.249774011] [qr_detector]: DECODE GAGAL: QR tak terdeteksi (pts=None) shape=(480, 640, 3) [/hydroships/camera_bottom/image_raw]
[hook_detector-7] [WARN] [1786607983.401741857] [hook_detector]: HOOK TAK TERDETEKSI (kontur & Hough gagal / area < min_area=150) shape=(480, 640, 3)
[hook_detector-7] [WARN] [1786607988.500529025] [hook_detector]: HOOK TAK TERDETEKSI (kontur & Hough gagal / area < min_area=150) shape=(480, 640, 3)
[qr_detector-5] [WARN] [1786607989.197911200] [qr_detector]: DECODE GAGAL: QR tak terdeteksi (pts=None) shape=(480, 640, 3) [/hydroships/camera_bottom/image_raw]
[qr_detector-5] [INFO] [1786607992.286285671] [qr_detector]: GATEDBG offset: t=253.207 frame=camera_bottom_link ex=-0.394 ey=-0.335 size=0.202
[qr_detector-5] [WARN] [1786607992.287680377] [qr_detector]: DECODE GAGAL: QR terdeteksi (pts ada, kandidat=adaptive_thresh_denoised) tapi decode kosong shape=(480, 640, 3) [/hydroships/camera_bottom/image_raw]
[hook_detector-7] [WARN] [1786607993.619724919] [hook_detector]: HOOK TAK TERDETEKSI (kontur & Hough gagal / area < min_area=150) shape=(480, 640, 3)
[qr_detector-5] [WARN] [1786607995.253113651] [qr_detector]: DECODE GAGAL: QR tak terdeteksi (pts=None) shape=(480, 640, 3) [/hydroships/camera_bottom/image_raw]
[hook_detector-7] [WARN] [1786607998.745325819] [hook_detector]: HOOK TAK TERDETEKSI (kontur & Hough gagal / area < min_area=150) shape=(480, 640, 3)
[qr_detector-5] [WARN] [1786608001.139219460] [qr_detector]: DECODE GAGAL: QR tak terdeteksi (pts=None) shape=(480, 640, 3) [/hydroships/camera_bottom/image_raw]
[hook_detector-7] [WARN] [1786608003.943859501] [hook_detector]: HOOK TAK TERDETEKSI (kontur & Hough gagal / area < min_area=150) shape=(480, 640, 3)
[qr_detector-5] [WARN] [1786608006.817076623] [qr_detector]: DECODE GAGAL: QR tak terdeteksi (pts=None) shape=(480, 640, 3) [/hydroships/camera_bottom/image_raw]
[hook_detector-7] [WARN] [1786608009.182076571] [hook_detector]: HOOK TAK TERDETEKSI (kontur & Hough gagal / area < min_area=150) shape=(480, 640, 3)
[qr_detector-5] [WARN] [1786608012.731402007] [qr_detector]: DECODE GAGAL: QR tak terdeteksi (pts=None) shape=(480, 640, 3) [/hydroships/camera_bottom/image_raw]
[hook_detector-7] [WARN] [1786608014.449263373] [hook_detector]: HOOK TAK TERDETEKSI (kontur & Hough gagal / area < min_area=150) shape=(480, 640, 3)
[qr_detector-5] [WARN] [1786608018.642766517] [qr_detector]: DECODE GAGAL: QR tak terdeteksi (pts=None) shape=(480, 640, 3) [/hydroships/camera_bottom/image_raw]
[hook_detector-7] [WARN] [1786608019.464242974] [hook_detector]: HOOK TAK TERDETEKSI (kontur & Hough gagal / area < min_area=150) shape=(480, 640, 3)
[qr_detector-5] [WARN] [1786608024.333250770] [qr_detector]: DECODE GAGAL: QR tak terdeteksi (pts=None) shape=(480, 640, 3) [/hydroships/camera_bottom/image_raw]
[hook_detector-7] [WARN] [1786608024.882497694] [hook_detector]: HOOK TAK TERDETEKSI (kontur & Hough gagal / area < min_area=150) shape=(480, 640, 3)
[qr_detector-5] [WARN] [1786608029.949953085] [qr_detector]: DECODE GAGAL: QR tak terdeteksi (pts=None) shape=(480, 640, 3) [/hydroships/camera_bottom/image_raw]
[hook_detector-7] [WARN] [1786608030.212709660] [hook_detector]: HOOK TAK TERDETEKSI (kontur & Hough gagal / area < min_area=150) shape=(480, 640, 3)
[qr_detector-5] [WARN] [1786608035.285707670] [qr_detector]: DECODE GAGAL: QR tak terdeteksi (pts=None) shape=(480, 640, 3) [/hydroships/camera_bottom/image_raw]
[hook_detector-7] [WARN] [1786608035.610638264] [hook_detector]: HOOK TAK TERDETEKSI (kontur & Hough gagal / area < min_area=150) shape=(480, 640, 3)
[qr_detector-5] [INFO] [1786608039.335575465] [qr_detector]: GATEDBG offset: t=280.479 frame=camera_bottom_link ex=-0.184 ey=+0.352 size=0.517
[qr_detector-5] [WARN] [1786608039.336975761] [qr_detector]: DECODE GAGAL: QR terdeteksi (pts ada, kandidat=adaptive_thresh_denoised) tapi decode kosong shape=(480, 640, 3) [/hydroships/camera_bottom/image_raw]
[qr_detector-5] [WARN] [1786608040.696151870] [qr_detector]: DECODE GAGAL: QR tak terdeteksi (pts=None) shape=(480, 640, 3) [/hydroships/camera_bottom/image_raw]
[hook_detector-7] [WARN] [1786608040.785621534] [hook_detector]: HOOK TAK TERDETEKSI (kontur & Hough gagal / area < min_area=150) shape=(480, 640, 3)
[hook_detector-7] [WARN] [1786608045.819213167] [hook_detector]: HOOK TAK TERDETEKSI (kontur & Hough gagal / area < min_area=150) shape=(480, 640, 3)
[qr_detector-5] [WARN] [1786608046.672305924] [qr_detector]: DECODE GAGAL: QR tak terdeteksi (pts=None) shape=(480, 640, 3) [/hydroships/camera_bottom/image_raw]
[hook_detector-7] [WARN] [1786608050.870156413] [hook_detector]: HOOK TAK TERDETEKSI (kontur & Hough gagal / area < min_area=150) shape=(480, 640, 3)
[qr_detector-5] [WARN] [1786608052.111519786] [qr_detector]: DECODE GAGAL: QR tak terdeteksi (pts=None) shape=(480, 640, 3) [/hydroships/camera_bottom/image_raw]
[hook_detector-7] [WARN] [1786608056.036875286] [hook_detector]: HOOK TAK TERDETEKSI (kontur & Hough gagal / area < min_area=150) shape=(480, 640, 3)
[qr_detector-5] [WARN] [1786608057.656920897] [qr_detector]: DECODE GAGAL: QR tak terdeteksi (pts=None) shape=(480, 640, 3) [/hydroships/camera_bottom/image_raw]
[hook_detector-7] [WARN] [1786608061.380042143] [hook_detector]: HOOK TAK TERDETEKSI (kontur & Hough gagal / area < min_area=150) shape=(480, 640, 3)
[qr_detector-5] [WARN] [1786608063.045804948] [qr_detector]: DECODE GAGAL: QR tak terdeteksi (pts=None) shape=(480, 640, 3) [/hydroships/camera_bottom/image_raw]
[hook_detector-7] [WARN] [1786608066.413045826] [hook_detector]: HOOK TAK TERDETEKSI (kontur & Hough gagal / area < min_area=150) shape=(480, 640, 3)
[qr_detector-5] [WARN] [1786608068.345128761] [qr_detector]: DECODE GAGAL: QR tak terdeteksi (pts=None) shape=(480, 640, 3) [/hydroships/camera_bottom/image_raw]
[hook_detector-7] [WARN] [1786608071.528717326] [hook_detector]: HOOK TAK TERDETEKSI (kontur & Hough gagal / area < min_area=150) shape=(480, 640, 3)
[qr_detector-5] [WARN] [1786608073.848831232] [qr_detector]: DECODE GAGAL: QR tak terdeteksi (pts=None) shape=(480, 640, 3) [/hydroships/camera_bottom/image_raw]
[hook_detector-7] [WARN] [1786608076.741269313] [hook_detector]: HOOK TAK TERDETEKSI (kontur & Hough gagal / area < min_area=150) shape=(480, 640, 3)
[qr_detector-5] [WARN] [1786608079.052106443] [qr_detector]: DECODE GAGAL: QR tak terdeteksi (pts=None) shape=(480, 640, 3) [/hydroships/camera_bottom/image_raw]
[hook_detector-7] [WARN] [1786608081.843803385] [hook_detector]: HOOK TAK TERDETEKSI (kontur & Hough gagal / area < min_area=150) shape=(480, 640, 3)
[qr_detector-5] [WARN] [1786608085.188153581] [qr_detector]: DECODE GAGAL: QR tak terdeteksi (pts=None) shape=(480, 640, 3) [/hydroships/camera_bottom/image_raw]
[hook_detector-7] [WARN] [1786608086.948842970] [hook_detector]: HOOK TAK TERDETEKSI (kontur & Hough gagal / area < min_area=150) shape=(480, 640, 3)
[qr_detector-5] [INFO] [1786608089.887994660] [qr_detector]: GATEDBG offset: t=312.012 frame=camera_bottom_link ex=-0.326 ey=+0.264 size=0.726
[qr_detector-5] [WARN] [1786608089.889457954] [qr_detector]: DECODE GAGAL: QR terdeteksi (pts ada, kandidat=adaptive_thresh_denoised) tapi decode kosong shape=(480, 640, 3) [/hydroships/camera_bottom/image_raw]
[qr_detector-5] [WARN] [1786608091.218939406] [qr_detector]: DECODE GAGAL: QR tak terdeteksi (pts=None) shape=(480, 640, 3) [/hydroships/camera_bottom/image_raw]
[hook_detector-7] [WARN] [1786608092.097799397] [hook_detector]: HOOK TAK TERDETEKSI (kontur & Hough gagal / area < min_area=150) shape=(480, 640, 3)
[qr_detector-5] [WARN] [1786608097.176357772] [qr_detector]: DECODE GAGAL: QR tak terdeteksi (pts=None) shape=(480, 640, 3) [/hydroships/camera_bottom/image_raw]
[hook_detector-7] [WARN] [1786608097.331081436] [hook_detector]: HOOK TAK TERDETEKSI (kontur & Hough gagal / area < min_area=150) shape=(480, 640, 3)
[hook_detector-7] [WARN] [1786608102.538933682] [hook_detector]: HOOK TAK TERDETEKSI (kontur & Hough gagal / area < min_area=150) shape=(480, 640, 3)
[qr_detector-5] [WARN] [1786608103.169916064] [qr_detector]: DECODE GAGAL: QR tak terdeteksi (pts=None) shape=(480, 640, 3) [/hydroships/camera_bottom/image_raw]
[qr_detector-5] [INFO] [1786608104.539587495] [qr_detector]: GATEDBG offset: t=321.789 frame=camera_bottom_link ex=+0.423 ey=-0.210 size=0.994
[qr_detector-5] [WARN] [1786608104.541014667] [qr_detector]: DECODE GAGAL: QR terdeteksi (pts ada, kandidat=adaptive_thresh_denoised) tapi decode kosong shape=(480, 640, 3) [/hydroships/camera_bottom/image_raw]
